▲ Next.js 16.2.6 (Turbopack)
- Environments: .env.local

  Creating an optimized production build ...
✓ Compiled successfully in 77s
  Running TypeScript ...
  Finished TypeScript in 50s ...
  Collecting page data using 3 workers ...
  Generating static pages using 3 workers (0/74) ...
  Generating static pages using 3 workers (18/74) 
  Generating static pages using 3 workers (36/74) 
  Generating static pages using 3 workers (55/74) 
✓ Generating static pages using 3 workers (74/74) in 14.2s
  Finalizing page optimization ...

Route (app)
┌ ○ /
├ ○ /_not-found
├ ƒ /api/capturar-lead
├ ƒ /api/extraer-certificado
├ ƒ /api/meta/capi
├ ƒ /api/saas/demo
├ ○ /aviso-legal
├ ○ /ayudas-eficiencia-energetica
├ ○ /backoffice/clientes
├ ○ /backoffice/configuracion
├ ○ /backoffice/expedientes
├ ○ /backoffice/inmuebles
├ ○ /backoffice/usuarios
├ ○ /blog
├ ● /blog/[slug]
│ ├ /blog/certificado-energetico-incorrecto
│ ├ /blog/certificado-energetico-inflado
│ ├ /blog/brown-discount-precio-vivienda
│ └ [+23 more paths]
├ ○ /buscador-certificado-energetico-catalunya
├ ○ /calculadoracat
├ ○ /cercador-certificats-energetics
├ ○ /check-up-inmobiliario
├ ○ /comprobador-certificado-energetico
├ ○ /configuracion
├ ○ /configurar-auditoria
├ ○ /cookies
├ ○ /dashboard
├ ○ /formulario
├ ○ /gracias
├ ○ /informe-tecnico-energetico
├ ○ /landing/7-senales-ce
├ ○ /landing/comprobador
├ ○ /landing/guia-detecta-falso-ce
├ ○ /landing/guia-errores-ce
├ ○ /mis-expedientes
├ ○ /nuevo-expediente
├ ○ /pitr/segunda-opinion
├ ○ /privacidad
├ ○ /profesionales
├ ○ /resultado-auditoria
├ ○ /robots.txt
├ ○ /saas
├ ○ /saas/demo
├ ○ /saas/login
├ ○ /saas/precios
├ ○ /saas/register
├ ○ /segunda-opinion
├ ○ /segunda-opinion-express
├ ○ /sitemap.xml
└ ○ /sobre-nosotros


○  (Static)   prerendered as static content
●  (SSG)      prerendered as static HTML (uses generateStaticParams)
ƒ  (Dynamic)  server-rendered on demand

